// Jest Snapshot v1, https://goo.gl/fbAQLP

exports[`Test ignore-whitespace: empty changeset when adding whitespace 1`] = `
"SNAPSHOT: empty changeset when adding whitespace
⁉️  Not creating patch file for package 'alphabet'
⁉️  There don't appear to be any changes.
END SNAPSHOT"
`;

exports[`Test ignore-whitespace: line a changed 1`] = `
"SNAPSHOT: line a changed
diff --git a/node_modules/alphabet/index.js b/node_modules/alphabet/index.js
index 7811d3b..454414b 100644
--- a/node_modules/alphabet/index.js
+++ b/node_modules/alphabet/index.js
@@ -1,4 +1,4 @@
-// a
+// patch-package
 // b   
 // c 
 // d
END SNAPSHOT"
`;
