// Jest Snapshot v1, https://goo.gl/fbAQLP

exports[`Test shrinkwrap: left pad should contain patch-package 1`] = `
"SNAPSHOT: left pad should contain patch-package
module.exports = patch-package;
END SNAPSHOT"
`;
