// Jest Snapshot v1, https://goo.gl/fbAQLP

exports[`Test nested-scoped-packages: create the patch 1`] = `
"SNAPSHOT: create the patch
patch-package 0.0.0
â€¢ Creating temporary folder
â€¢ Installing @types/angular@1.6.53 with yarn
â€¢ Diffing your files with clean files
âœ” Created file patches/@microsoft+mezzurite-core++@types+angular+1.6.53.patch

ðŸ’¡ @types/angular is on GitHub! To draft an issue based on your patch run

    yarn patch-package @microsoft/mezzurite-core/@types/angular --create-issue

END SNAPSHOT"
`;

exports[`Test nested-scoped-packages: run patch-package 1`] = `
"SNAPSHOT: run patch-package
patch-package 0.0.0
Applying patches...
@microsoft/mezzurite-core/@types/angular@1.6.53 âœ”
END SNAPSHOT"
`;
